
> @quotapulse/web@0.1.0 build
> tsc -b && vite build

vite v6.4.3 building for production...
transforming...
✓ 2981 modules transformed.
rendering chunks...
computing gzip size...
dist/index.html                                                   1.87 kB │ gzip:   0.96 kB
dist/assets/geist-mono-symbols2-wght-normal-CO5SzqOn.woff2        5.81 kB
dist/assets/geist-mono-cyrillic-ext-wght-normal-X_5orZeX.woff2    6.18 kB
dist/assets/geist-cyrillic-ext-wght-normal-DjL33-gN.woff2         7.42 kB
dist/assets/geist-mono-vietnamese-wght-normal-DadHysG0.woff2      7.70 kB
dist/assets/geist-vietnamese-wght-normal-6IgcOCM7.woff2           8.00 kB
dist/assets/geist-mono-cyrillic-wght-normal-DiZS0aHC.woff2       12.94 kB
dist/assets/geist-mono-latin-ext-wght-normal-Bwz-egvJ.woff2      14.70 kB
dist/assets/geist-cyrillic-wght-normal-BEAKL7Jp.woff2            15.08 kB
dist/assets/geist-latin-ext-wght-normal-DC-KSUi6.woff2           16.51 kB
dist/assets/geist-mono-latin-wght-normal-XN7g48iV.woff2          23.13 kB
dist/assets/geist-latin-wght-normal-BgDaEnEv.woff2               29.40 kB
dist/assets/scope-notice-SMVc0RpX.css                             0.17 kB │ gzip:   0.14 kB
dist/assets/chart-data-AgyWygLH.css                               0.64 kB │ gzip:   0.34 kB
dist/assets/command-palette-BlVnp0iG.css                          0.86 kB │ gzip:   0.43 kB
dist/assets/quota-chart-D8HC5jl7.css                              1.01 kB │ gzip:   0.43 kB
dist/assets/App-AFO74nTo.css                                      1.31 kB │ gzip:   0.65 kB
dist/assets/section-mark-D9p1fSvH.css                             1.81 kB │ gzip:   0.53 kB
dist/assets/page-heading-D_7gEO2y.css                             2.19 kB │ gzip:   0.69 kB
dist/assets/utility-pages-rQmk3yrA.css                            2.52 kB │ gzip:   0.74 kB
dist/assets/providers-B9BvUOA1.css                               12.28 kB │ gzip:   2.75 kB
dist/assets/projects-CBF8WwLe.css                                13.15 kB │ gzip:   2.77 kB
dist/assets/cost-DAM9fbPx.css                                    15.00 kB │ gzip:   3.14 kB
dist/assets/models-CnBwZaqw.css                                  15.58 kB │ gzip:   3.26 kB
dist/assets/alerts-S1gqYxf6.css                                  17.43 kB │ gzip:   3.50 kB
dist/assets/settings-DiRUf_6g.css                                18.26 kB │ gzip:   3.31 kB
dist/assets/live-CVezxzl6.css                                    25.64 kB │ gzip:   4.67 kB
dist/assets/shell-C2pKghCz.css                                   63.02 kB │ gzip:  11.28 kB
dist/assets/index-VOvS51-H.css                                   64.02 kB │ gzip:  12.05 kB
dist/assets/section-mark-R_aDYpTb.js                              0.27 kB │ gzip:   0.22 kB
dist/assets/info-CcKX_qaB.js                                      0.38 kB │ gzip:   0.29 kB
dist/assets/database-DOl-EmAx.js                                  0.43 kB │ gzip:   0.31 kB
dist/assets/coins-ChCryy4i.js                                     0.46 kB │ gzip:   0.34 kB
dist/assets/lightbulb-C9G-yosa.js                                 0.46 kB │ gzip:   0.33 kB
dist/assets/page-heading-BLaTrm1k.js                              0.47 kB │ gzip:   0.28 kB
dist/assets/shield-check-BqftOmSY.js                              0.50 kB │ gzip:   0.36 kB
dist/assets/refresh-cw-CZ-mqlsL.js                                0.50 kB │ gzip:   0.34 kB
dist/assets/gauge-CtFsV1gP.js                                     0.61 kB │ gzip:   0.32 kB
dist/assets/trending-up-HJ691RS9.js                               0.68 kB │ gzip:   0.37 kB
dist/assets/triangle-alert-Cb06nj_3.js                            0.73 kB │ gzip:   0.38 kB
dist/assets/chart-data-CoAs5pBk.js                                0.76 kB │ gzip:   0.45 kB
dist/assets/wallet-DcFw3URb.js                                    0.84 kB │ gzip:   0.42 kB
dist/assets/chart-data-Ye5xl9Vl.js                                2.02 kB │ gzip:   0.93 kB
dist/assets/utility-pages-D6n8VMUa.js                             2.08 kB │ gzip:   1.03 kB
dist/assets/scope-notice-C8MT6pP9.js                              2.42 kB │ gzip:   1.26 kB
dist/assets/format-DT1MzjRV.js                                    2.43 kB │ gzip:   1.07 kB
dist/assets/quota-chart-DoT7bhGD.js                               3.57 kB │ gzip:   1.43 kB
dist/assets/shell-Bpcun4GJ.js                                    12.80 kB │ gzip:   4.37 kB
dist/assets/providers-m2IUGx_E.js                                12.84 kB │ gzip:   4.01 kB
dist/assets/alerts-C8miCwxq.js                                   17.81 kB │ gzip:   4.83 kB
dist/assets/cost-C0XPc7fK.js                                     18.96 kB │ gzip:   5.13 kB
dist/assets/projects-BOo-0D6M.js                                 19.34 kB │ gzip:   5.34 kB
dist/assets/harness-icon-ByLGRQoB.js                             20.41 kB │ gzip:   9.03 kB
dist/assets/models-gBm8oPh7.js                                   21.29 kB │ gzip:   5.67 kB
dist/assets/live-CiTwkzlQ.js                                     31.38 kB │ gzip:   8.78 kB
dist/assets/production-DlvDYf8r.js                               67.85 kB │ gzip:  20.64 kB
dist/assets/command-palette-D0rtO2QZ.js                         163.03 kB │ gzip:  50.70 kB
dist/assets/settings-dkQKYCgv.js                                234.54 kB │ gzip:  74.10 kB
dist/assets/index-B9QTSrbG.js                                   303.48 kB │ gzip:  85.77 kB
dist/assets/App-BfT-fWt5.js                                     532.30 kB │ gzip: 154.68 kB
node.exe :
At C:\Program Files\nodejs\npm.ps1:29 char:3
+   & $NODE_EXE $NPM_CLI_JS $args
+   ~~~~~~~~~~~~~~~~~~~~~~~~~~~~~
    + CategoryInfo          : NotSpecified: (:String) [], RemoteException
    + FullyQualifiedErrorId : NativeCommandError

(!) Some chunks are larger than 500 kB after minification. Consider:
- Using dynamic import() to code-split the application
- Use build.rollupOptions.output.manualChunks to improve chunking:
https://rollupjs.org/configuration-options/#output-manualchunks
- Adjust chunk size limit for this warning via build.chunkSizeWarningLimit.
✓ built in 18.49s
