
> @quotapulse/web@0.1.0 test
> tsx --test test/*.test.ts

TAP version 13
# Subtest: activity queries preserve scope and isolate actual source/model/provider, with at most thirty minutes
ok 1 - activity queries preserve scope and isolate actual source/model/provider, with at most thirty minutes
  ---
  duration_ms: 3.6451
  ...
# Subtest: minute points retain observed values, zero gaps and partial boundary minutes without interpolation
ok 2 - minute points retain observed values, zero gaps and partial boundary minutes without interpolation
  ---
  duration_ms: 0.9276
  ...
# Subtest: recent activity is limited to the trailing range and newest call per distinct harness
ok 3 - recent activity is limited to the trailing range and newest call per distinct harness
  ---
  duration_ms: 2.731
  ...
# Subtest: activity rate uses only recorded call tokens inside the exact minute interval
ok 4 - activity rate uses only recorded call tokens inside the exact minute interval
  ---
  duration_ms: 2.1144
  ...
# Subtest: a machine with quota to spare is calm, and a barely-used one is quieter still
ok 5 - a machine with quota to spare is calm, and a barely-used one is quieter still
  ---
  duration_ms: 6.2483
  ...
# Subtest: the backdrop crosses to warn and crit at the same thresholds the rings do
ok 6 - the backdrop crosses to warn and crit at the same thresholds the rings do
  ---
  duration_ms: 1.1681
  ...
# Subtest: the worst window decides the mood, not the average
ok 7 - the worst window decides the mood, not the average
  ---
  duration_ms: 0.6318
  ...
# Subtest: a window that will exhaust before it resets is a problem long before 60%
ok 8 - a window that will exhaust before it resets is a problem long before 60%
  ---
  duration_ms: 0.9014
  ...
# Subtest: a reading that is days old may not colour the present
ok 9 - a reading that is days old may not colour the present
  ---
  duration_ms: 0.7149
  ...
# Subtest: an expired reading may not colour the present either
ok 10 - an expired reading may not colour the present either
  ---
  duration_ms: 1.734
  ...
# Subtest: a dead feed is idle, never calm
ok 11 - a dead feed is idle, never calm
  ---
  duration_ms: 0.671
  ...
# Subtest: with nothing to report the backdrop is idle, and says nothing is responsible
ok 12 - with nothing to report the backdrop is idle, and says nothing is responsible
  ---
  duration_ms: 1.8986
  ...
# Subtest: inactive subscriptions are excluded entirely
ok 13 - inactive subscriptions are excluded entirely
  ---
  duration_ms: 1.2818
  ...
# Subtest: a hidden subscription does not colour the page, and a fully hidden set is simply idle
ok 14 - a hidden subscription does not colour the page, and a fully hidden set is simply idle
  ---
  duration_ms: 3.7459
  ...
# Subtest: the backdrop never out-competes the content, even in real trouble
ok 15 - the backdrop never out-competes the content, even in real trouble
  ---
  duration_ms: 0.5379
  ...
# Subtest: intensity only ever grows with a fuller window
ok 16 - intensity only ever grows with a fuller window
  ---
  duration_ms: 0.6522
  ...
# Subtest: a window reported by two origins collapses to one, freshest first
ok 17 - a window reported by two origins collapses to one, freshest first
  ---
  duration_ms: 3.9394
  ...
# Subtest: a reading that still describes the window beats a fresher one that rolled over
ok 18 - a reading that still describes the window beats a fresher one that rolled over
  ---
  duration_ms: 0.5146
  ...
# Subtest: different sources and windows are never merged
ok 19 - different sources and windows are never merged
  ---
  duration_ms: 34.1498
  ...
# Subtest: readers with the same account key collapse to one account window
ok 20 - readers with the same account key collapse to one account window
  ---
  duration_ms: 0.8001
  ...
# Subtest: subscription key is the canonical owner when account compatibility fields are absent
ok 21 - subscription key is the canonical owner when account compatibility fields are absent
  ---
  duration_ms: 0.631
  ...
# Subtest: OpenCode Go monthly readings stay separate from its 5-hour and weekly windows
ok 22 - OpenCode Go monthly readings stay separate from its 5-hour and weekly windows
  ---
  duration_ms: 0.9023
  ...
# Subtest: a window whose every origin is burning still raises exactly one alert
ok 23 - a window whose every origin is burning still raises exactly one alert
  ---
  duration_ms: 0.8797
  ...
# Subtest: willExhaust needs a projection that lands before the reset, on a live window
ok 24 - willExhaust needs a projection that lands before the reset, on a live window
  ---
  duration_ms: 0.4337
  ...
# Subtest: threshold alerts collapse reader duplicates and ignore projected burn duplicates
ok 25 - threshold alerts collapse reader duplicates and ignore projected burn duplicates
  ---
  duration_ms: 1.0447
  ...
# Subtest: minute buckets preserve the exact half-open interval and both clipped boundary minutes
ok 26 - minute buckets preserve the exact half-open interval and both clipped boundary minutes
  ---
  duration_ms: 4.8305
  ...
# Subtest: exact nullable, empty, literal unknown and delimiter identities cannot exchange minute cells
ok 27 - exact nullable, empty, literal unknown and delimiter identities cannot exchange minute cells
  ---
  duration_ms: 3.2922
  ...
# Subtest: observed zero differs from absent cells and aggregate-only totals never create minute activity
ok 28 - observed zero differs from absent cells and aggregate-only totals never create minute activity
  ---
  duration_ms: 1.4869
  ...
# Subtest: the visible top twelve keep API rank while sharing the actual scale across all recorded pairs
ok 29 - the visible top twelve keep API rank while sharing the actual scale across all recorded pairs
  ---
  duration_ms: 1.0108
  ...
# Subtest: the fullest window earns the outermost arc
ok 30 - the fullest window earns the outermost arc
  ---
  duration_ms: 35.06
  ...
# Subtest: a window about to run out leads regardless of how full it is
ok 31 - a window about to run out leads regardless of how full it is
  ---
  duration_ms: 1.2931
  ...
# Subtest: a burn figure with too few samples is not quoted
ok 32 - a burn figure with too few samples is not quoted
  ---
  duration_ms: 1.2477
  ...
# Subtest: subscriptions past the arc limit are counted, not silently dropped
ok 33 - subscriptions past the arc limit are counted, not silently dropped
  ---
  duration_ms: 2.2874
  ...
# Subtest: a subscription with no reading is counted aside, not given an arc
ok 34 - a subscription with no reading is counted aside, not given an arc
  ---
  duration_ms: 0.6961
  ...
# Subtest: with nothing measurable, the ring admits it rather than showing nothing
ok 35 - with nothing measurable, the ring admits it rather than showing nothing
  ---
  duration_ms: 0.7536
  ...
# Subtest: an expired reading is never quoted as a current percentage
ok 36 - an expired reading is never quoted as a current percentage
  ---
  duration_ms: 1.8025
  ...
# Subtest: hidden and inactive subscriptions leave the ring entirely
ok 37 - hidden and inactive subscriptions leave the ring entirely
  ---
  duration_ms: 0.7784
  ...
# Subtest: the time track describes the leading window
ok 38 - the time track describes the leading window
  ---
  duration_ms: 0.7295
  ...
# Subtest: resets in the same minute are one event on the timeline
ok 39 - resets in the same minute are one event on the timeline
  ---
  duration_ms: 1.7002
  ...
# Subtest: timeline columns stay readable however lopsided the gaps are
ok 40 - timeline columns stay readable however lopsided the gaps are
  ---
  duration_ms: 1.2319
  ...
# Subtest: the backdrop answers to measured throughput, not a timer
ok 41 - the backdrop answers to measured throughput, not a timer
  ---
  duration_ms: 0.4167
  ...
# Subtest: primaryReading prefers the window that runs out, then the highest
ok 42 - primaryReading prefers the window that runs out, then the highest
  ---
  duration_ms: 0.4989
  ...
# Subtest: input includes disjoint fresh/read-cache/write-cache fields; output already includes reasoning
ok 43 - input includes disjoint fresh/read-cache/write-cache fields; output already includes reasoning
  ---
  duration_ms: 4.8139
  ...
# Subtest: stored totals stay exact despite component mismatches and all curves share their actual maximum
ok 44 - stored totals stay exact despite component mismatches and all curves share their actual maximum
  ---
  duration_ms: 0.5926
  ...
# Subtest: legacy missing components remain unknown and break only the affected curve
ok 45 - legacy missing components remain unknown and break only the affected curve
  ---
  duration_ms: 1.6129
  ...
# Subtest: recorded zero and known zero breakdowns remain distinct from absent minute records
ok 46 - recorded zero and known zero breakdowns remain distinct from absent minute records
  ---
  duration_ms: 0.6213
  ...
# Subtest: multiple rows in one minute conserve each component and unknowns propagate without dropping known output
ok 47 - multiple rows in one minute conserve each component and unknowns propagate without dropping known output
  ---
  duration_ms: 2.412
  ...
# Subtest: the exact half-open scope retains clipped endpoints and ignores rows outside its minute bins
ok 48 - the exact half-open scope retains clipped endpoints and ignores rows outside its minute bins
  ---
  duration_ms: 1.7741
  ...
# Subtest: latest rail selects one latest recorded interval and preserves its unknown and stored values
ok 49 - latest rail selects one latest recorded interval and preserves its unknown and stored values
  ---
  duration_ms: 1.2496
  ...
# Subtest: metric trends fill missing hourly buckets and keep partial boundary buckets
ok 50 - metric trends fill missing hourly buckets and keep partial boundary buckets
  ---
  duration_ms: 6.0475
  ...
# Subtest: metric trends cap long histories to the latest 24 calendar buckets
ok 51 - metric trends cap long histories to the latest 24 calendar buckets
  ---
  duration_ms: 0.9308
  ...
# Subtest: month series uses local calendar months and cache ratios preserve unknown buckets
ok 52 - month series uses local calendar months and cache ratios preserve unknown buckets
  ---
  duration_ms: 0.738
  ...
# Subtest: daily token pace is a selected-period average and rejects invalid ranges
ok 53 - daily token pace is a selected-period average and rejects invalid ranges
  ---
  duration_ms: 0.3292
  ...
# Subtest: summary histories retain scope boundaries, zero count bins, and per-bin distinct sessions
ok 54 - summary histories retain scope boundaries, zero count bins, and per-bin distinct sessions
  ---
  duration_ms: 43.436
  ...
# Subtest: price samples distinguish known zero, unpriced calls, and partial known value
ok 55 - price samples distinguish known zero, unpriced calls, and partial known value
  ---
  duration_ms: 0.7713
  ...
# Subtest: provider history keeps null and empty identities separate and uses only displayed scoped groups
ok 56 - provider history keeps null and empty identities separate and uses only displayed scoped groups
  ---
  duration_ms: 1.5244
  ...
# Subtest: every duration in the TypeScript scale is declared in the stylesheet
ok 57 - every duration in the TypeScript scale is declared in the stylesheet
  ---
  duration_ms: 2.5919
  ...
# Subtest: every easing in the TypeScript scale is declared in the theme block
ok 58 - every easing in the TypeScript scale is declared in the theme block
  ---
  duration_ms: 0.834
  ...
# Subtest: the stylesheet has no shadowed second copy of an easing token
ok 59 - the stylesheet has no shadowed second copy of an easing token
  ---
  duration_ms: 0.5215
  ...
# Subtest: the reduced-motion clamp still exists, and still pins iteration count
ok 60 - the reduced-motion clamp still exists, and still pins iteration count
  ---
  duration_ms: 0.4724
  ...
# Subtest: the reduced-motion clamp has exactly one exemption, and it is the figure tint
ok 61 - the reduced-motion clamp has exactly one exemption, and it is the figure tint
  ---
  duration_ms: 1.9505
  ...
# Subtest: src/components/primitives.tsx honours the motion preference
ok 62 - src/components/primitives.tsx honours the motion preference
  ---
  duration_ms: 2.8152
  ...
# Subtest: src/components/stacked-bars.tsx honours the motion preference
ok 63 - src/components/stacked-bars.tsx honours the motion preference
  ---
  duration_ms: 2.1841
  ...
# Subtest: src/components/quota-ring.tsx honours the motion preference
ok 64 - src/components/quota-ring.tsx honours the motion preference
  ---
  duration_ms: 3.2607
  ...
# Subtest: src/components/gauge.tsx honours the motion preference
ok 65 - src/components/gauge.tsx honours the motion preference
  ---
  duration_ms: 2.5544
  ...
# Subtest: src/components/progression-rail.tsx honours the motion preference
ok 66 - src/components/progression-rail.tsx honours the motion preference
  ---
  duration_ms: 3.1223
  ...
# Subtest: src/components/alert-bell.tsx honours the motion preference
ok 67 - src/components/alert-bell.tsx honours the motion preference
  ---
  duration_ms: 1.7481
  ...
# Subtest: src/components/pet-popup.tsx honours the motion preference
ok 68 - src/components/pet-popup.tsx honours the motion preference
  ---
  duration_ms: 2.7393
  ...
# Subtest: src/components/ui/tabs.tsx honours the motion preference
ok 69 - src/components/ui/tabs.tsx honours the motion preference
  ---
  duration_ms: 1.2311
  ...
# Subtest: unknown samples break lines while keeping the full time-domain indices
ok 70 - unknown samples break lines while keeping the full time-domain indices
  ---
  duration_ms: 4.4766
  ...
# Subtest: known zero and equal values remain recorded samples
ok 71 - known zero and equal values remain recorded samples
  ---
  duration_ms: 1.5255
  ...
# Subtest: all unknown and nonfinite samples produce no drawable run
ok 72 - all unknown and nonfinite samples produce no drawable run
  ---
  duration_ms: 0.8901
  ...
# Subtest: subscription visibility preferences normalize safely and keep stable keys
ok 73 - subscription visibility preferences normalize safely and keep stable keys
  ---
  duration_ms: 2.7963
  ...
# Subtest: value states distinguish no usage, unpriced, partial, priced zero and reference prices
ok 74 - value states distinguish no usage, unpriced, partial, priced zero and reference prices
  ---
  duration_ms: 2.4253
  ...
# Subtest: Other grouping retains weighted call coverage and gaps stay separate by time
ok 75 - Other grouping retains weighted call coverage and gaps stay separate by time
  ---
  duration_ms: 2.0987
  ...
# Subtest: a missing or unusable stored value degrades to a clean store
ok 76 - a missing or unusable stored value degrades to a clean store
  ---
  duration_ms: 3.3454
  ...
# Subtest: days are de-duplicated, sorted chronologically and pruned to the window
ok 77 - days are de-duplicated, sorted chronologically and pruned to the window
  ---
  duration_ms: 4.5849
  ...
# Subtest: unknown badge ids are dropped and the survivors keep catalogue order
ok 78 - unknown badge ids are dropped and the survivors keep catalogue order
  ---
  duration_ms: 0.3877
  ...
# Subtest: the stored version is forced forward so an old shape cannot leak through
ok 79 - the stored version is forced forward so an old shape cannot leak through
  ---
  duration_ms: 0.3427
  ...
# Subtest: levels ramp quadratically instead of hitting a wall
ok 80 - levels ramp quadratically instead of hitting a wall
  ---
  duration_ms: 5.5331
  ...
# Subtest: a tampered XP value cannot spin or overflow the scale
ok 81 - a tampered XP value cannot spin or overflow the scale
  ---
  duration_ms: 1.2444
  ...
# Subtest: spending more quota must not raise the score
ok 82 - spending more quota must not raise the score
  ---
  duration_ms: 1.1686
  ...
# Subtest: cache share counts writes against the denominator, not for it
ok 83 - cache share counts writes against the denominator, not for it
  ---
  duration_ms: 0.3322
  ...
# Subtest: cache badges stack at their thresholds
ok 84 - cache badges stack at their thresholds
  ---
  duration_ms: 0.9431
  ...
# Subtest: a streak survives midnight: an inactive today anchors on yesterday
ok 85 - a streak survives midnight: an inactive today anchors on yesterday
  ---
  duration_ms: 0.5986
  ...
# Subtest: streak counting walks real calendar days, not 24-hour spans
ok 86 - streak counting walks real calendar days, not 24-hour spans
  ---
  duration_ms: 0.5198
  ...
# Subtest: streak XP is capped so a long run cannot run away with the scale
ok 87 - streak XP is capped so a long run cannot run away with the scale
  ---
  duration_ms: 0.9524
  ...
# Subtest: badges are granted once and always render in catalogue order
ok 88 - badges are granted once and always render in catalogue order
  ---
  duration_ms: 1.0587
  ...
# Subtest: restraint badges need both efficiency and headroom
ok 89 - restraint badges need both efficiency and headroom
  ---
  duration_ms: 1.3947
  ...
# Subtest: time-of-day badges need a reported hour
ok 90 - time-of-day badges need a reported hour
  ---
  duration_ms: 0.4616
  ...
# Subtest: missing, negative and non-finite counters contribute nothing
ok 91 - missing, negative and non-finite counters contribute nothing
  ---
  duration_ms: 0.3733
  ...
# Subtest: an idle day scores nothing and breaks nothing that was already earned
ok 92 - an idle day scores nothing and breaks nothing that was already earned
  ---
  duration_ms: 0.3279
  ...
# Subtest: the first active hour of the day drives the time-of-day badges
ok 93 - the first active hour of the day drives the time-of-day badges
  ---
  duration_ms: 0.6492
  ...
# Subtest: every badge id is reachable from the predicates
ok 94 - every badge id is reachable from the predicates
  ---
  duration_ms: 1.5882
  ...
# Subtest: the shelf lists every badge, locked ones included, in catalogue order
ok 95 - the shelf lists every badge, locked ones included, in catalogue order
  ---
  duration_ms: 0.5186
  ...
# Subtest: pending usage has no actions; machine-wide pages retain legacy destinations
ok 96 - pending usage has no actions; machine-wide pages retain legacy destinations
  ---
  duration_ms: 6.4208
  ...
# Subtest: time and source remain exact in supported destinations without inventing Live custom scope
ok 97 - time and source remain exact in supported destinations without inventing Live custom scope
  ---
  duration_ms: 2.2205
  ...
# Subtest: harness Projects and provider/vendor Models keep exact raw filter identities
ok 98 - harness Projects and provider/vendor Models keep exact raw filter identities
  ---
  duration_ms: 2.1893
  ...
# Subtest: unsupported table filters never create apparently scoped actions
ok 99 - unsupported table filters never create apparently scoped actions
  ---
  duration_ms: 1.225
  ...
# Subtest: arcs fill one fixed band however many subscriptions there are
ok 100 - arcs fill one fixed band however many subscriptions there are
  ---
  duration_ms: 4.5711
  ...
# Subtest: the ring folds anything past four instead of collapsing into the centre
ok 101 - the ring folds anything past four instead of collapsing into the centre
  ---
  duration_ms: 0.4724
  ...
# Subtest: elapsed position is measured against the canonical window length
ok 102 - elapsed position is measured against the canonical window length
  ---
  duration_ms: 1.089
  ...
# Subtest: a window with no reset time cannot be placed on the ring
ok 103 - a window with no reset time cannot be placed on the ring
  ---
  duration_ms: 0.4297
  ...
# Subtest: the overflow marker never takes a reading's place or cross the numerals
ok 104 - the overflow marker never takes a reading's place or cross the numerals
  ---
  duration_ms: 0.6438
  ...
# Subtest: the overflow marker is a partial arc, so it cannot pass for a reading
ok 105 - the overflow marker is a partial arc, so it cannot pass for a reading
  ---
  duration_ms: 1.2447
  ...
# Subtest: a projection that lands after the reset is not a projection at all
ok 106 - a projection that lands after the reset is not a projection at all
  ---
  duration_ms: 1.1905
  ...
# Subtest: an unbelievable projection cannot raise an alarm
ok 107 - an unbelievable projection cannot raise an alarm
  ---
  duration_ms: 0.6666
  ...
# Subtest: fractions map to clock angles, clamped at both ends
ok 108 - fractions map to clock angles, clamped at both ends
  ---
  duration_ms: 0.958
  ...
# Subtest: availability requires a fresh, complete reading; zero use is valid but unknown is not
ok 109 - availability requires a fresh, complete reading; zero use is valid but unknown is not
  ---
  duration_ms: 4.2643
  ...
# Subtest: one unknown window prevents an available classification
ok 110 - one unknown window prevents an available classification
  ---
  duration_ms: 0.906
  ...
# Subtest: account state and telemetry uncertainty cannot advertise availability
ok 111 - account state and telemetry uncertainty cannot advertise availability
  ---
  duration_ms: 1.5085
  ...
# Subtest: threshold and projected exhaustion retain the existing alert semantics
ok 112 - threshold and projected exhaustion retain the existing alert semantics
  ---
  duration_ms: 0.6416
  ...
# Subtest: duplicate readers produce one reset; the freshest canonical reading wins
ok 113 - duplicate readers produce one reset; the freshest canonical reading wins
  ---
  duration_ms: 0.5764
  ...
# Subtest: hidden and inactive subscriptions do not contribute upcoming resets
ok 114 - hidden and inactive subscriptions do not contribute upcoming resets
  ---
  duration_ms: 1.3556
  ...
# Subtest: resets exclude unknown and elapsed timestamps and preserve simultaneous windows
ok 115 - resets exclude unknown and elapsed timestamps and preserve simultaneous windows
  ---
  duration_ms: 22.6975
  ...
# Subtest: stat series uses tokens rather than calls and fills empty API buckets
ok 116 - stat series uses tokens rather than calls and fills empty API buckets
  ---
  duration_ms: 0.488
  ...
# Subtest: classifies threshold boundaries and uses the same active risks exposed to the sidebar
ok 117 - classifies threshold boundaries and uses the same active risks exposed to the sidebar
  ---
  duration_ms: 34.3002
  ...
# Subtest: collapses duplicate origins to the freshest reading and excludes hidden subscriptions
ok 118 - collapses duplicate origins to the freshest reading and excludes hidden subscriptions
  ---
  duration_ms: 0.881
  ...
# Subtest: reports stale or expired windows as unknown without counting them as active risks
ok 119 - reports stale or expired windows as unknown without counting them as active risks
  ---
  duration_ms: 1.2479
  ...
# Subtest: a valid forecast before reset is critical, while a forecast after reset does not override thresholds
ok 120 - a valid forecast before reset is critical, while a forecast after reset does not override thresholds
  ---
  duration_ms: 2.1712
  ...
# Subtest: money distinguishes no usage, absent prices, known zero and partial weighted coverage
ok 121 - money distinguishes no usage, absent prices, known zero and partial weighted coverage
  ---
  duration_ms: 1.8636
  ...
# Subtest: preview uses records, excludes null costs and combines computed and estimated API prices
ok 122 - preview uses records, excludes null costs and combines computed and estimated API prices
  ---
  duration_ms: 1.8785
  ...
# Subtest: period change requires a positive observed baseline and keeps decreases signed
ok 123 - period change requires a positive observed baseline and keeps decreases signed
  ---
  duration_ms: 2.1743
  ...
# Subtest: cache share uses observed input, cached input and cache writes only
ok 124 - cache share uses observed input, cached input and cache writes only
  ---
  duration_ms: 0.7968
  ...
# Subtest: measured quota pace is compared with safe pace in the same unit
ok 125 - measured quota pace is compared with safe pace in the same unit
  ---
  duration_ms: 2.1305
  ...
# Subtest: recommendation prioritizes fresh quota data and observed runway risk
ok 126 - recommendation prioritizes fresh quota data and observed runway risk
  ---
  duration_ms: 1.3998
  ...
# Subtest: usage preserves distinct sessions, record grain and separate money bases
ok 127 - usage preserves distinct sessions, record grain and separate money bases
  ---
  duration_ms: 5.4941
  ...
# Subtest: runtime edges contain only observed relationships and conserve each column total
ok 128 - runtime edges contain only observed relationships and conserve each column total
  ---
  duration_ms: 1.1587
  ...
# Subtest: runtime activity reflects recorded use within the API window and keeps future or missing time unknown
ok 129 - runtime activity reflects recorded use within the API window and keeps future or missing time unknown
  ---
  duration_ms: 0.4047
  ...
# Subtest: quota risk belongs to one fresh owner/window, invalid values are not normalized into healthy readings
ok 130 - quota risk belongs to one fresh owner/window, invalid values are not normalized into healthy readings
  ---
  duration_ms: 0.9187
  ...
# Subtest: default core picks the most used fresh window and stays unavailable when all are stale
ok 131 - default core picks the most used fresh window and stays unavailable when all are stale
  ---
  duration_ms: 2.1413
  ...
# Subtest: runway uses percentage points of the selected window and suppresses stale projections
ok 132 - runway uses percentage points of the selected window and suppresses stale projections
  ---
  duration_ms: 0.7269
  ...
# Subtest: legacy destinations migrate to canonical pages
ok 133 - legacy destinations migrate to canonical pages
  ---
  duration_ms: 4.0596
  ...
# Subtest: migration preserves explicit scope and entity keys and consumes legacy view
ok 134 - migration preserves explicit scope and entity keys and consumes legacy view
  ---
  duration_ms: 1.2656
  ...
# Subtest: invalid legacy scopes use valid destination defaults
ok 135 - invalid legacy scopes use valid destination defaults
  ---
  duration_ms: 0.5019
  ...
# Subtest: redesign week and month use local calendar boundaries
ok 136 - redesign week and month use local calendar boundaries
  ---
  duration_ms: 9.0101
  ...
# Subtest: imported custom ranges and source filters survive UI changes and API binding
ok 137 - imported custom ranges and source filters survive UI changes and API binding
  ---
  duration_ms: 2.4188
  ...
# Subtest: invalid custom ranges and filters fall back instead of issuing invalid reads
ok 138 - invalid custom ranges and filters fall back instead of issuing invalid reads
  ---
  duration_ms: 0.8508
  ...
# Subtest: one stream fans out and coalesces SSE bursts, then falls back after 30 seconds
ok 139 - one stream fans out and coalesces SSE bursts, then falls back after 30 seconds
  ---
  duration_ms: 5.661
  ...
# Subtest: hidden pages pause fallback and visible/online events refresh immediately
ok 140 - hidden pages pause fallback and visible/online events refresh immediately
  ---
  duration_ms: 1.6426
  ...
# Subtest: a refresh arriving during a request queues exactly one follow-up
ok 141 - a refresh arriving during a request queues exactly one follow-up
  ---
  duration_ms: 1.0297
  ...
# Subtest: stream errors and handler failures are visible, then clear on recovery
ok 142 - stream errors and handler failures are visible, then clear on recovery
  ---
  duration_ms: 2.305
  ...
# Subtest: manual refresh runs the daemon endpoint before dashboard handlers
ok 143 - manual refresh runs the daemon endpoint before dashboard handlers
  ---
  duration_ms: 43.9937
  ...
# Subtest: one account read by several profiles is one row, not several identical ones
ok 144 - one account read by several profiles is one row, not several identical ones
  ---
  duration_ms: 3.3562
  ...
# Subtest: the group takes its worst reader state, so a dead one cannot hide behind a live one
ok 145 - the group takes its worst reader state, so a dead one cannot hide behind a live one
  ---
  duration_ms: 0.5741
  ...
# Subtest: harnesses with no account binding are kept apart, never merged into an account
ok 146 - harnesses with no account binding are kept apart, never merged into an account
  ---
  duration_ms: 23.5109
  ...
# Subtest: accounts lead by use, and ties break on something stable rather than arbitrarily
ok 147 - accounts lead by use, and ties break on something stable rather than arbitrarily
  ---
  duration_ms: 0.8947
  ...
# Subtest: an account takes the name of its busiest reader
ok 148 - an account takes the name of its busiest reader
  ---
  duration_ms: 0.3552
  ...
# Subtest: nothing to group is not an error
ok 149 - nothing to group is not an error
  ---
  duration_ms: 0.5997
  ...
# Subtest: Today cards sum the rows selected by the harness/model filters
ok 150 - Today cards sum the rows selected by the harness/model filters
  ---
  duration_ms: 2.4034
  ...
# Subtest: Today cards show zero when a filter matches no rows
ok 151 - Today cards show zero when a filter matches no rows
  ---
  duration_ms: 0.4046
  ...
# Subtest: a first reading is never a change
ok 152 - a first reading is never a change
  ---
  duration_ms: 5.2947
  ...
# Subtest: a change under the relative threshold is drift, not an event
ok 153 - a change under the relative threshold is drift, not an event
  ---
  duration_ms: 0.5579
  ...
# Subtest: a change over the threshold is an event
ok 154 - a change over the threshold is an event
  ---
  duration_ms: 0.3012
  ...
# Subtest: the threshold is relative, not absolute, so it means the same on any magnitude
ok 155 - the threshold is relative, not absolute, so it means the same on any magnitude
  ---
  duration_ms: 0.2759
  ...
# Subtest: a move to zero from a real figure always counts
ok 156 - a move to zero from a real figure always counts
  ---
  duration_ms: 0.2348
  ...
# Subtest: a rise from zero is judged on the floor, not the previous value
ok 157 - a rise from zero is judged on the floor, not the previous value
  ---
  duration_ms: 0.2706
  ...
# Subtest: crossing zero counts in either direction
ok 158 - crossing zero counts in either direction
  ---
  duration_ms: 0.223
  ...
# Subtest: a drop counts the same as a rise
ok 159 - a drop counts the same as a rise
  ---
  duration_ms: 0.2442
  ...
# Subtest: non-finite values are never events
ok 160 - non-finite values are never events
  ---
  duration_ms: 0.5977
  ...
# Subtest: a climb that would strobe is the case the threshold has to survive
ok 161 - a climb that would strobe is the case the threshold has to survive
  ---
  duration_ms: 0.9217
  ...
# Subtest: a genuine jump on top of a busy climb still registers
ok 162 - a genuine jump on top of a busy climb still registers
  ---
  duration_ms: 0.2823
  ...
1..162
# tests 162
# suites 0
# pass 162
# fail 0
# cancelled 0
# skipped 0
# todo 0
# duration_ms 20456.5248
