
> quotapulse@0.1.0 test:stable
> node --import tsx scripts/check-stable-captures.mts

13:42:00.000 INFO  [db] opened :memory:
node.exe : node:internal/modules/run_main:122
At C:\Program Files\nodejs\npm.ps1:29 char:3
+   & $NODE_EXE $NPM_CLI_JS $args
+   ~~~~~~~~~~~~~~~~~~~~~~~~~~~~~
    + CategoryInfo          : NotSpecified: (node:internal/modules/run_main:122:String) [], RemoteException
    + FullyQualifiedErrorId : NativeCommandError

    triggerUncaughtException(
    ^

AssertionError [ERR_ASSERTION]: .qp-live-trend h2 en/dark: source tile must be 28px square
    at measure
(C:\Users\TH12367283\Projects\QuotaPulse\tmp\worktrees\redesign-foundation\scripts\check-section-marks.mts:130:12)
    at async checkSectionMarks
(C:\Users\TH12367283\Projects\QuotaPulse\tmp\worktrees\redesign-foundation\scripts\check-section-marks.mts:166:23)
    at async <anonymous>
(C:\Users\TH12367283\Projects\QuotaPulse\tmp\worktrees\redesign-foundation\scripts\check-stable-captures.mts:3042:115)
{
  generatedMessage: false,
  code: 'ERR_ASSERTION',
  actual: false,
  expected: true,
  operator: '=='
}

Node.js v22.13.1
