
> quotapulse@0.1.0 test:ui
> node scripts/check-ui.mjs

node.exe : UI settle failure evidence:
{"url":"http://127.0.0.1:7798/?mode=legacy#live","readyState":"complete","text":"Loading…","statCount":0,"errors":[]}
At C:\Program Files\nodejs\npm.ps1:29 char:3
+   & $NODE_EXE $NPM_CLI_JS $args
+   ~~~~~~~~~~~~~~~~~~~~~~~~~~~~~
    + CategoryInfo          : NotSpecified: (UI settle failu...:0,"errors":[]}:String) [], RemoteException
    + FullyQualifiedErrorId : NativeCommandError

node:internal/modules/run_main:122
    triggerUncaughtException(
    ^

locator.waitFor: Timeout 10000ms exceeded.
Call log:
[2m  - waiting for getByTestId('stat-1') to be visible[22m

    at settle (C:\Users\TH12367283\Projects\QuotaPulse\tmp\worktrees\redesign-foundation\scripts\check-ui.mjs:229:38)
    at C:\Users\TH12367283\Projects\QuotaPulse\tmp\worktrees\redesign-foundation\scripts\check-ui.mjs:255:69 {
  log: [ "  - waiting for getByTestId('stat-1') to be visible" ],
  name: 'TimeoutError'
}

Node.js v22.13.1
