{
  "outputDir": "C:\\Users\\TH12367283\\Projects\\QuotaPulse\\tmp\\worktrees\\redesign-foundation\\docs\\redesign-v1.85.49\\parity\\models",
  "global": {
    "pixels": 1573352,
    "ssim": 0.5433373762657094,
    "meanAbsoluteRgbDelta": 15.45182514783723,
    "rootMeanSquareRgbDelta": 42.01297365948273,
    "exactPixelPercent": 0.1440237149728732,
    "withinTwoChannelsPercent": 26.736610752075823,
    "singleWindowSsim": 0.21204121492586286
  },
  "tileWeightedSsim": 0.5433373762656969,
  "regions": [
    {
      "name": "header",
      "x": 0,
      "y": 0,
      "width": 1672,
      "height": 60,
      "comparison": {
        "pixels": 100320,
        "ssim": 0.49491014854371806,
        "meanAbsoluteRgbDelta": 15.276329080276449,
        "rootMeanSquareRgbDelta": 39.323832922614216,
        "exactPixelPercent": 0.01893939393939394,
        "withinTwoChannelsPercent": 5.073763955342903,
        "singleWindowSsim": 0.34262066634277133
      }
    },
    {
      "name": "sidebar",
      "x": 0,
      "y": 60,
      "width": 226,
      "height": 881,
      "comparison": {
        "pixels": 199106,
        "ssim": 0.6498848490445046,
        "meanAbsoluteRgbDelta": 11.15159261900696,
        "rootMeanSquareRgbDelta": 31.025712572061376,
        "exactPixelPercent": 0.02762347694193043,
        "withinTwoChannelsPercent": 26.68327423583418,
        "singleWindowSsim": 0.17007322696777116
      }
    },
    {
      "name": "models-workspace",
      "x": 226,
      "y": 60,
      "width": 1446,
      "height": 881,
      "comparison": {
        "pixels": 1273926,
        "ssim": 0.5305034807482485,
        "meanAbsoluteRgbDelta": 16.137742432972296,
        "rootMeanSquareRgbDelta": 43.67767047622951,
        "exactPixelPercent": 0.17206650935768641,
        "withinTwoChannelsPercent": 28.450867632813836,
        "singleWindowSsim": 0.19973591390124307
      }
    }
  ]
}
