{
  "outputDir": "C:\\Users\\TH12367283\\Projects\\QuotaPulse\\tmp\\worktrees\\redesign-foundation\\docs\\redesign-v1.85.49\\parity\\live",
  "global": {
    "pixels": 1573352,
    "ssim": 0.4774572305115546,
    "meanAbsoluteRgbDelta": 17.62475021482796,
    "rootMeanSquareRgbDelta": 45.32317896565485,
    "exactPixelPercent": 0.3839573089810799,
    "withinTwoChannelsPercent": 29.34816875054025,
    "singleWindowSsim": 0.17179698743336114
  },
  "tileWeightedSsim": 0.47745723051154076,
  "regions": [
    {
      "name": "header",
      "x": 0,
      "y": 0,
      "width": 1672,
      "height": 60,
      "comparison": {
        "pixels": 100320,
        "ssim": 0.5185368033691857,
        "meanAbsoluteRgbDelta": 13.988380515683147,
        "rootMeanSquareRgbDelta": 38.68029508596422,
        "exactPixelPercent": 0.14852472089314195,
        "withinTwoChannelsPercent": 23.163875598086126,
        "singleWindowSsim": 0.36751611721176436
      }
    },
    {
      "name": "sidebar",
      "x": 0,
      "y": 60,
      "width": 226,
      "height": 881,
      "comparison": {
        "pixels": 199106,
        "ssim": 0.671930682998764,
        "meanAbsoluteRgbDelta": 10.284027938217164,
        "rootMeanSquareRgbDelta": 31.730649064416987,
        "exactPixelPercent": 0.47612829347181906,
        "withinTwoChannelsPercent": 52.063222605044544,
        "singleWindowSsim": 0.1812208536784904
      }
    },
    {
      "name": "live-workspace",
      "x": 226,
      "y": 60,
      "width": 1446,
      "height": 881,
      "comparison": {
        "pixels": 1273926,
        "ssim": 0.44465691247497424,
        "meanAbsoluteRgbDelta": 19.05841469598705,
        "rootMeanSquareRgbDelta": 47.55869037136106,
        "exactPixelPercent": 0.3880916159965336,
        "withinTwoChannelsPercent": 26.284964746774932,
        "singleWindowSsim": 0.1487706800512122
      }
    }
  ]
}
