
> quotapulse@0.1.0 test:stable
> node --import tsx scripts/check-stable-captures.mts

13:42:00.000 INFO  [db] opened :memory:
Live refresh gate en/dark: initial document
Live refresh gate en/dark: initial settled
Live refresh gate en/dark: pause/resume success discarded
Live refresh gate en/dark: A/B/A success discarded
Live refresh gate en/dark: obsolete failure discarded
Live refresh gate en/dark: current failure retained and recovered
Live token-flow gate en/dark: baseline
node.exe : node:internal/modules/run_main:122
At C:\Program Files\nodejs\npm.ps1:29 char:3
+   & $NODE_EXE $NPM_CLI_JS $args
+   ~~~~~~~~~~~~~~~~~~~~~~~~~~~~~
    + CategoryInfo          : NotSpecified: (node:internal/modules/run_main:122:String) [], RemoteException
    + FullyQualifiedErrorId : NativeCommandError

    triggerUncaughtException(
    ^

AssertionError [ERR_ASSERTION]: Latest-minute values must remain visible inside their rail at 1280px: {"latest":{"x":74
5,"y":602.4375,"right":923,"bottom":674.4375,"width":178,"height":72},"values":[{"text":"61,285,000","left":868.578125,
"right":923,"top":627.4375,"bottom":638.4375,"fontSize":"10px","cell":{"left":756,"right":923,"width":167}},{"text":"34
,848,333.333","left":847.609375,"right":923,"top":640.4375,"bottom":651.4375,"fontSize":"10px","cell":{"left":756,"righ
t":923,"width":167}},{"text":"96,133,333.333","left":840.984375,"right":923,"top":653.4375,"bottom":677.4375,"fontSize"
:"11px","cell":{"left":756,"right":923,"width":167}}]}
    at checkValues
(C:\Users\TH12367283\Projects\QuotaPulse\tmp\worktrees\redesign-foundation\scripts\check-live-token-flow.mts:332:12)
    at async checkLiveTokenFlow
(C:\Users\TH12367283\Projects\QuotaPulse\tmp\worktrees\redesign-foundation\scripts\check-live-token-flow.mts:420:22)
    at async checkChartAccess
(C:\Users\TH12367283\Projects\QuotaPulse\tmp\worktrees\redesign-foundation\scripts\check-stable-captures.mts:1066:26)
    at async <anonymous>
(C:\Users\TH12367283\Projects\QuotaPulse\tmp\worktrees\redesign-foundation\scripts\check-stable-captures.mts:3022:85) {
  generatedMessage: false,
  code: 'ERR_ASSERTION',
  actual: false,
  expected: true,
  operator: '=='
}

Node.js v22.13.1
