
> quotapulse@0.1.0 test:stable
> node --import tsx scripts/check-stable-captures.mts

13:42:00.000 INFO  [db] opened :memory:
Stable capture pass 1: en/dark, 1 pages
Stable capture pass 1: th/dark, 1 pages
Stable capture pass 2: en/dark, 1 pages
node.exe : node:internal/modules/run_main:122
At C:\Program Files\nodejs\npm.ps1:29 char:3
+   & $NODE_EXE $NPM_CLI_JS $args
+   ~~~~~~~~~~~~~~~~~~~~~~~~~~~~~
    + CategoryInfo          : NotSpecified: (node:internal/modules/run_main:122:String) [], RemoteException
    + FullyQualifiedErrorId : NativeCommandError

    triggerUncaughtException(
    ^

AssertionError [ERR_ASSERTION]: models-th-dark.png: capture differs beyond raster tolerance
({"changedPixels":12,"maxChannelDelta":20,"pixelCount":1573352})
    at <anonymous>
(C:\Users\TH12367283\Projects\QuotaPulse\tmp\worktrees\redesign-foundation\scripts\check-stable-captures.mts:3060:20) {
  generatedMessage: false,
  code: 'ERR_ASSERTION',
  actual: false,
  expected: true,
  operator: '=='
}

Node.js v22.13.1
