
> @quotapulse/web@0.1.0 build
> tsc -b && vite build

vite v6.4.3 building for production...
transforming...
✓ 2962 modules transformed.
rendering chunks...
computing gzip size...
dist/index.html                                                   1.87 kB │ gzip:   0.96 kB
dist/assets/geist-mono-symbols2-wght-normal-CO5SzqOn.woff2        5.81 kB
dist/assets/geist-mono-cyrillic-ext-wght-normal-X_5orZeX.woff2    6.18 kB
dist/assets/geist-cyrillic-ext-wght-normal-DjL33-gN.woff2         7.42 kB
dist/assets/geist-mono-vietnamese-wght-normal-DadHysG0.woff2      7.70 kB
dist/assets/geist-vietnamese-wght-normal-6IgcOCM7.woff2           8.00 kB
dist/assets/geist-mono-cyrillic-wght-normal-DiZS0aHC.woff2       12.94 kB
dist/assets/geist-mono-latin-ext-wght-normal-Bwz-egvJ.woff2      14.70 kB
dist/assets/geist-cyrillic-wght-normal-BEAKL7Jp.woff2            15.08 kB
dist/assets/geist-latin-ext-wght-normal-DC-KSUi6.woff2           16.51 kB
dist/assets/geist-mono-latin-wght-normal-XN7g48iV.woff2          23.13 kB
dist/assets/geist-latin-wght-normal-BgDaEnEv.woff2               29.40 kB
dist/assets/observed-trend-SMVc0RpX.css                           0.17 kB │ gzip:   0.14 kB
dist/assets/command-palette-CEjpKan8.css                          0.33 kB │ gzip:   0.23 kB
dist/assets/chart-data-AgyWygLH.css                               0.64 kB │ gzip:   0.34 kB
dist/assets/quota-chart-D8HC5jl7.css                              1.01 kB │ gzip:   0.43 kB
dist/assets/App-AFO74nTo.css                                      1.31 kB │ gzip:   0.65 kB
dist/assets/utility-pages-rQmk3yrA.css                            2.52 kB │ gzip:   0.74 kB
dist/assets/settings-DKxd7FVg.css                                 7.54 kB │ gzip:   1.77 kB
dist/assets/live-BfQZZdbf.css                                     7.80 kB │ gzip:   1.82 kB
dist/assets/models-DlexNdzm.css                                   7.96 kB │ gzip:   1.85 kB
dist/assets/alerts-_LeZqopz.css                                   8.27 kB │ gzip:   1.86 kB
dist/assets/projects-Dfz0EwU8.css                                 8.42 kB │ gzip:   1.93 kB
dist/assets/providers-fgZxxNoQ.css                                9.20 kB │ gzip:   2.14 kB
dist/assets/cost-DDQaHShQ.css                                    10.11 kB │ gzip:   2.33 kB
dist/assets/shell-D3Hp_zzC.css                                   24.00 kB │ gzip:   5.27 kB
dist/assets/index-Ci6mBcz_.css                                   63.99 kB │ gzip:  12.04 kB
dist/assets/trending-up-BGXwmjX4.js                               0.36 kB │ gzip:   0.28 kB
dist/assets/gauge-BK9lg7zI.js                                     0.36 kB │ gzip:   0.28 kB
dist/assets/database-AOjQTMAZ.js                                  0.43 kB │ gzip:   0.31 kB
dist/assets/scope-notice-Dz-eOFU7.js                              0.44 kB │ gzip:   0.32 kB
dist/assets/coins-K3nB2PxJ.js                                     0.46 kB │ gzip:   0.33 kB
dist/assets/lightbulb-NcMwjicR.js                                 0.46 kB │ gzip:   0.33 kB
dist/assets/wallet-DQ2U3o9A.js                                    0.47 kB │ gzip:   0.32 kB
dist/assets/users-CI9asbtg.js                                     0.49 kB │ gzip:   0.33 kB
dist/assets/shield-check-C4-CaS_a.js                              0.50 kB │ gzip:   0.36 kB
dist/assets/refresh-cw-C5QQUMmD.js                                0.50 kB │ gzip:   0.34 kB
dist/assets/file-text-BU1l-oU0.js                                 0.57 kB │ gzip:   0.36 kB
dist/assets/triangle-alert-CD9XzYwu.js                            0.73 kB │ gzip:   0.38 kB
dist/assets/cost-value-BCW1VGC2.js                                0.76 kB │ gzip:   0.45 kB
dist/assets/chart-data-CRhY1sEs.js                                1.55 kB │ gzip:   0.66 kB
dist/assets/observed-trend-BVd453BM.js                            1.71 kB │ gzip:   0.93 kB
dist/assets/utility-pages-CiXgKEA4.js                             1.86 kB │ gzip:   0.95 kB
dist/assets/quota-chart-D3syuxSl.js                               3.57 kB │ gzip:   1.43 kB
dist/assets/format-7Ge72PZD.js                                    6.92 kB │ gzip:   2.94 kB
dist/assets/shell-D9JRx0F3.js                                     7.25 kB │ gzip:   2.51 kB
dist/assets/alerts-CbmxoNe0.js                                   12.31 kB │ gzip:   3.79 kB
dist/assets/providers-Co8x4Kbd.js                                12.31 kB │ gzip:   3.79 kB
dist/assets/live-BNnbaJFc.js                                     14.55 kB │ gzip:   4.40 kB
dist/assets/models-CSFq-4v1.js                                   14.97 kB │ gzip:   4.29 kB
dist/assets/cost-BV2d-dcg.js                                     16.18 kB │ gzip:   4.43 kB
dist/assets/projects-W3UWFygJ.js                                 16.65 kB │ gzip:   4.88 kB
dist/assets/harness-icon-By8F4ZTX.js                             20.41 kB │ gzip:   9.03 kB
dist/assets/production-CRL786Xu.js                               26.66 kB │ gzip:   8.18 kB
dist/assets/command-palette-vbyQyUwe.js                         158.26 kB │ gzip:  49.03 kB
dist/assets/settings-Dhx1fdqG.js                                229.72 kB │ gzip:  72.92 kB
dist/assets/index-Im8juyAW.js                                   283.60 kB │ gzip:  81.81 kB
dist/assets/App-bbNY4nR2.js                                     533.21 kB │ gzip: 154.83 kB
node.exe :
At C:\Program Files\nodejs\npm.ps1:29 char:3
+   & $NODE_EXE $NPM_CLI_JS $args
+   ~~~~~~~~~~~~~~~~~~~~~~~~~~~~~
    + CategoryInfo          : NotSpecified: (:String) [], RemoteException
    + FullyQualifiedErrorId : NativeCommandError

(!) Some chunks are larger than 500 kB after minification. Consider:
- Using dynamic import() to code-split the application
- Use build.rollupOptions.output.manualChunks to improve chunking:
https://rollupjs.org/configuration-options/#output-manualchunks
- Adjust chunk size limit for this warning via build.chunkSizeWarningLimit.
✓ built in 6.39s
