
> @quotapulse/web@0.1.0 build
> tsc -b && vite build

vite v6.4.3 building for production...
transforming...
✓ 2982 modules transformed.
rendering chunks...
computing gzip size...
dist/index.html                                                   1.87 kB │ gzip:   0.96 kB
dist/assets/geist-mono-symbols2-wght-normal-CO5SzqOn.woff2        5.81 kB
dist/assets/geist-mono-cyrillic-ext-wght-normal-X_5orZeX.woff2    6.18 kB
dist/assets/geist-cyrillic-ext-wght-normal-DjL33-gN.woff2         7.42 kB
dist/assets/geist-mono-vietnamese-wght-normal-DadHysG0.woff2      7.70 kB
dist/assets/geist-vietnamese-wght-normal-6IgcOCM7.woff2           8.00 kB
dist/assets/geist-mono-cyrillic-wght-normal-DiZS0aHC.woff2       12.94 kB
dist/assets/geist-mono-latin-ext-wght-normal-Bwz-egvJ.woff2      14.70 kB
dist/assets/geist-cyrillic-wght-normal-BEAKL7Jp.woff2            15.08 kB
dist/assets/geist-latin-ext-wght-normal-DC-KSUi6.woff2           16.51 kB
dist/assets/geist-mono-latin-wght-normal-XN7g48iV.woff2          23.13 kB
dist/assets/geist-latin-wght-normal-BgDaEnEv.woff2               29.40 kB
dist/assets/scope-notice-SMVc0RpX.css                             0.17 kB │ gzip:   0.14 kB
dist/assets/chart-data-AgyWygLH.css                               0.64 kB │ gzip:   0.34 kB
dist/assets/command-palette-BlVnp0iG.css                          0.86 kB │ gzip:   0.43 kB
dist/assets/quota-chart-D8HC5jl7.css                              1.01 kB │ gzip:   0.43 kB
dist/assets/App-AFO74nTo.css                                      1.31 kB │ gzip:   0.65 kB
dist/assets/section-mark-D9p1fSvH.css                             1.81 kB │ gzip:   0.53 kB
dist/assets/page-heading-D_7gEO2y.css                             2.19 kB │ gzip:   0.69 kB
dist/assets/utility-pages-rQmk3yrA.css                            2.52 kB │ gzip:   0.74 kB
dist/assets/providers-Dn6GJyzW.css                               12.68 kB │ gzip:   2.82 kB
dist/assets/projects-CmB8lYfQ.css                                13.50 kB │ gzip:   2.83 kB
dist/assets/cost-XqsmfIR-.css                                    15.71 kB │ gzip:   3.25 kB
dist/assets/models-xxKQ7Eam.css                                  16.45 kB │ gzip:   3.39 kB
dist/assets/settings-DiRUf_6g.css                                18.26 kB │ gzip:   3.31 kB
dist/assets/alerts-D8pLgRPc.css                                  20.40 kB │ gzip:   4.02 kB
dist/assets/live-DqdmQgrV.css                                    32.50 kB │ gzip:   5.52 kB
dist/assets/index-VOvS51-H.css                                   64.02 kB │ gzip:  12.05 kB
dist/assets/shell-ukS9o-JH.css                                   64.57 kB │ gzip:  11.56 kB
dist/assets/section-mark-DQa2Zk9h.js                              0.27 kB │ gzip:   0.22 kB
dist/assets/info-D_o3r6Su.js                                      0.38 kB │ gzip:   0.29 kB
dist/assets/database-H5iBin77.js                                  0.43 kB │ gzip:   0.31 kB
dist/assets/coins-BF-Ikq1z.js                                     0.46 kB │ gzip:   0.33 kB
dist/assets/lightbulb-CYBPCfbi.js                                 0.46 kB │ gzip:   0.33 kB
dist/assets/page-heading-BKymQ6d5.js                              0.47 kB │ gzip:   0.28 kB
dist/assets/shield-check-BuwH0Su1.js                              0.50 kB │ gzip:   0.36 kB
dist/assets/refresh-cw-nxX4bWnn.js                                0.50 kB │ gzip:   0.33 kB
dist/assets/gauge-CKo28sUe.js                                     0.61 kB │ gzip:   0.32 kB
dist/assets/trending-up-OnnMfia1.js                               0.68 kB │ gzip:   0.36 kB
dist/assets/triangle-alert-DF0lqirF.js                            0.73 kB │ gzip:   0.38 kB
dist/assets/chart-data-xklsncpS.js                                0.76 kB │ gzip:   0.45 kB
dist/assets/wallet-DT2DQPMC.js                                    0.84 kB │ gzip:   0.42 kB
dist/assets/chart-data-D5i806DQ.js                                2.02 kB │ gzip:   0.93 kB
dist/assets/utility-pages-DupSwXIv.js                             2.08 kB │ gzip:   1.03 kB
dist/assets/scope-notice-CEzsGU2O.js                              2.42 kB │ gzip:   1.26 kB
dist/assets/format-BvPmKGs_.js                                    2.43 kB │ gzip:   1.07 kB
dist/assets/quota-chart-CIGm6Pc1.js                               3.57 kB │ gzip:   1.43 kB
dist/assets/providers-BxbfXh5K.js                                12.84 kB │ gzip:   4.01 kB
dist/assets/shell-Cid8v9dM.js                                    13.26 kB │ gzip:   4.57 kB
dist/assets/projects-2ZSVzvq3.js                                 19.45 kB │ gzip:   5.35 kB
dist/assets/cost-BnB2Ow0_.js                                     20.33 kB │ gzip:   5.58 kB
dist/assets/harness-icon-DVgStQcI.js                             20.41 kB │ gzip:   9.03 kB
dist/assets/models-B15n7GFg.js                                   21.29 kB │ gzip:   5.67 kB
dist/assets/alerts-BRxaknec.js                                   23.85 kB │ gzip:   7.01 kB
dist/assets/live-BpxbY9Hg.js                                     32.34 kB │ gzip:   9.04 kB
dist/assets/production-Dn_M6Mwu.js                               69.75 kB │ gzip:  21.02 kB
dist/assets/command-palette-BmU9-wco.js                         163.03 kB │ gzip:  50.70 kB
dist/assets/settings-CJzN1_7Q.js                                234.54 kB │ gzip:  74.10 kB
dist/assets/index-C6N9pH6X.js                                   304.40 kB │ gzip:  85.93 kB
dist/assets/App-C7rankLV.js                                     532.30 kB │ gzip: 154.67 kB
node.exe :
At C:\Program Files\nodejs\npm.ps1:29 char:3
+   & $NODE_EXE $NPM_CLI_JS $args
+   ~~~~~~~~~~~~~~~~~~~~~~~~~~~~~
    + CategoryInfo          : NotSpecified: (:String) [], RemoteException
    + FullyQualifiedErrorId : NativeCommandError

(!) Some chunks are larger than 500 kB after minification. Consider:
- Using dynamic import() to code-split the application
- Use build.rollupOptions.output.manualChunks to improve chunking:
https://rollupjs.org/configuration-options/#output-manualchunks
- Adjust chunk size limit for this warning via build.chunkSizeWarningLimit.
✓ built in 12.09s
