
> @quotapulse/web@0.1.0 build
> tsc -b && vite build

vite v6.4.3 building for production...
transforming...
✓ 2952 modules transformed.
rendering chunks...
computing gzip size...
dist/index.html                                                   1.87 kB │ gzip:   0.96 kB
dist/assets/geist-mono-symbols2-wght-normal-CO5SzqOn.woff2        5.81 kB
dist/assets/geist-mono-cyrillic-ext-wght-normal-X_5orZeX.woff2    6.18 kB
dist/assets/geist-cyrillic-ext-wght-normal-DjL33-gN.woff2         7.42 kB
dist/assets/geist-mono-vietnamese-wght-normal-DadHysG0.woff2      7.70 kB
dist/assets/geist-vietnamese-wght-normal-6IgcOCM7.woff2           8.00 kB
dist/assets/geist-mono-cyrillic-wght-normal-DiZS0aHC.woff2       12.94 kB
dist/assets/geist-mono-latin-ext-wght-normal-Bwz-egvJ.woff2      14.70 kB
dist/assets/geist-cyrillic-wght-normal-BEAKL7Jp.woff2            15.08 kB
dist/assets/geist-latin-ext-wght-normal-DC-KSUi6.woff2           16.51 kB
dist/assets/geist-mono-latin-wght-normal-XN7g48iV.woff2          23.13 kB
dist/assets/geist-latin-wght-normal-BgDaEnEv.woff2               29.40 kB
dist/assets/App-AFO74nTo.css                                      1.31 kB │ gzip:   0.65 kB
dist/assets/settings-Cyps1Q5g.css                                 2.72 kB │ gzip:   0.82 kB
dist/assets/providers-D-OjWdG1.css                                4.23 kB │ gzip:   1.08 kB
dist/assets/alerts-a9qY_JmZ.css                                   5.26 kB │ gzip:   1.33 kB
dist/assets/live-9dkEKblX.css                                     5.69 kB │ gzip:   1.41 kB
dist/assets/cost-Cc3CJI9n.css                                     5.77 kB │ gzip:   1.44 kB
dist/assets/models-DIG8TbXF.css                                   5.80 kB │ gzip:   1.38 kB
dist/assets/projects-DHZqstyY.css                                 6.54 kB │ gzip:   1.56 kB
dist/assets/shell-WBIl4KwL.css                                   15.06 kB │ gzip:   3.72 kB
dist/assets/index-s0nwFy4Q.css                                   63.83 kB │ gzip:  12.00 kB
dist/assets/scope-notice-BvDA3GTl.js                              0.44 kB │ gzip:   0.32 kB
dist/assets/triangle-alert-CkSmcaC4.js                            0.45 kB │ gzip:   0.32 kB
dist/assets/refresh-cw-Dfik9Wrv.js                                0.50 kB │ gzip:   0.33 kB
dist/assets/cost-value-DR8bMuD-.js                                0.76 kB │ gzip:   0.45 kB
dist/assets/utility-pages-e93zB8Pf.js                             1.62 kB │ gzip:   0.87 kB
dist/assets/format-C7w5dIHF.js                                    2.42 kB │ gzip:   1.06 kB
dist/assets/format-CKLcXp9x.js                                    4.59 kB │ gzip:   2.07 kB
dist/assets/shell-C5-AnyNL.js                                     5.80 kB │ gzip:   2.18 kB
dist/assets/providers-DQph_ZdF.js                                10.00 kB │ gzip:   3.27 kB
dist/assets/cost-Bs63zl78.js                                     12.02 kB │ gzip:   3.28 kB
dist/assets/alerts-C4XGWgv2.js                                   12.40 kB │ gzip:   3.95 kB
dist/assets/live-Be9JZy_O.js                                     13.42 kB │ gzip:   4.04 kB
dist/assets/models-BzT7jzM1.js                                   13.73 kB │ gzip:   4.01 kB
dist/assets/projects-D-tKuZrW.js                                 15.25 kB │ gzip:   4.54 kB
dist/assets/production-DOFHw2U5.js                               21.89 kB │ gzip:   7.13 kB
dist/assets/command-palette-Bu3-P2H_.js                          50.85 kB │ gzip:  15.97 kB
dist/assets/index-CfbjhUv4.js                                   280.60 kB │ gzip:  80.83 kB
dist/assets/settings-k1m5BfQo.js                                332.77 kB │ gzip: 105.40 kB
dist/assets/App-DqVNZvPQ.js                                     555.60 kB │ gzip: 165.60 kB
node.exe :
At C:\Program Files\nodejs\npm.ps1:29 char:3
+   & $NODE_EXE $NPM_CLI_JS $args
+   ~~~~~~~~~~~~~~~~~~~~~~~~~~~~~
    + CategoryInfo          : NotSpecified: (:String) [], RemoteException
    + FullyQualifiedErrorId : NativeCommandError

(!) Some chunks are larger than 500 kB after minification. Consider:
- Using dynamic import() to code-split the application
- Use build.rollupOptions.output.manualChunks to improve chunking:
https://rollupjs.org/configuration-options/#output-manualchunks
- Adjust chunk size limit for this warning via build.chunkSizeWarningLimit.
✓ built in 24.25s
